// Jest Snapshot v1, https://goo.gl/fbAQLP

exports[`handler.js - hello Should return test message 1`] = `
Object {
  "body": "{
  \\"message\\": \\"Go Serverless v1.0! Your function executed successfully!\\",
  \\"input\\": {}
}",
  "statusCode": 200,
}
`;
